
    =========================== USB Port2 ===========================

Connection Status        : 0x01 (Device is connected)
Port Chain               : 2-10-4-2
Properties               : 0x00
 IsUserConnectable       : no
 PortIsDebugCapable      : no
 PortHasMultiCompanions  : no
 PortConnectorIsTypeC    : no
ConnectionIndex          : 0x02 (Port 2)

      ========================== Summary =========================
Vendor ID                : 0x2E8A (Raspberry Pi (Trading) Limited)
Product ID               : 0x000A
Manufacturer String      : "Mai Control"
Product String           : "Mai Control Device"
Serial                   : "01934"
USB Version              : 2.1 (but 12 Mbit/s FullSpeed only)
Port maximum Speed       : High-Speed
Device maximum Speed     : Full-Speed
Device Connection Speed  : Full-Speed
Self powered             : no
Demanded Current         : 100 mA
Used Endpoints           : 9

      ======================== USB Device ========================

        +++++++++++++++++ Device Information ++++++++++++++++++
Device Description       : USB Composite Device
BusReported Device Desc  : Mai Control Device
Device Path              : \\?\USB#VID_2E8A&PID_000A#01934#{a5dcbf10-6530-11d2-901f-00c04fb951ed} (GUID_DEVINTERFACE_USB_DEVICE)
Kernel Name              : \Device\USBPDO-14
Device ID                : USB\VID_2E8A&PID_000A\01934
Hardware IDs             : USB\VID_2E8A&PID_000A&REV_0401 USB\VID_2E8A&PID_000A
Driver KeyName           : {36fc9e60-c465-11cf-8056-444553540000}\0024 (GUID_DEVCLASS_USB)
Driver                   : \SystemRoot\System32\drivers\usbccgp.sys (Version: 10.0.26100.8737  Date: 2026-07-15  Company: Microsoft Corporation)
Driver Inf               : C:\WINDOWS\inf\usb.inf
Legacy BusType           : PNPBus
Class                    : USB
Class GUID               : {36fc9e60-c465-11cf-8056-444553540000} (GUID_DEVCLASS_USB)
Service                  : usbccgp
Enumerator               : USB
Location Info            : Port_#0002.Hub_#0007
Address                  : 2
Location IDs             : PCIROOT(0)#PCI(0201)#PCI(0000)#PCI(0C00)#PCI(0000)#USBROOT(0)#USB(10)#USB(4)#USB(2), ACPI(_SB_)#ACPI(PCI0)#ACPI(GPP7)#ACPI(UP00)#ACPI(DP60)#ACPI(XH00)#ACPI(RHUB)#ACPI(POTC)#ACPI(PRT4)#USB(2)
Container ID             : {954e2414-4a95-5143-9cc0-f571f1ce0060}
Manufacturer Info        : (标准 USB 主控制器)
Capabilities             : 0x94 (Removable, UniqueID, SurpriseRemovalOK)
Status                   : 0x0180600A (DN_DRIVER_LOADED, DN_STARTED, DN_DISABLEABLE, DN_REMOVABLE, DN_NT_ENUMERATOR, DN_NT_DRIVER)
First Install Date       : 2026-07-17 02:44:40
Last Arrival Date        : 2026-07-18 00:59:16
EnhancedPowerMgmtEnabled : 0
Power State              : D0 (supported: D0, D1, D2, D3, wake from D0, wake from D1, wake from D2)

        ---------------- Connection Information ---------------
Connection Index         : 0x02 (Port 2)
Connection Status        : 0x01 (DeviceConnected)
Current Config Value     : 0x01 (Configuration 1)
Device Address           : 0x13 (19)
Is Hub                   : 0x00 (no)
Device Bus Speed         : 0x01 (Full-Speed)
Number of open Pipes     : 0x08 (8 pipes to data endpoints)
Pipe[0]                  : EndpointID=1  Direction=OUT  ScheduleOffset=0  Type=Bulk       wMaxPacketSize=0x40    bInterval=0  
Pipe[1]                  : EndpointID=1  Direction=IN   ScheduleOffset=0  Type=Bulk       wMaxPacketSize=0x40    bInterval=0  
Pipe[2]                  : EndpointID=2  Direction=IN   ScheduleOffset=0  Type=Interrupt  wMaxPacketSize=0x08    bInterval=16  -> 196 Bits/ms = 24500 Bytes/s
Pipe[3]                  : EndpointID=4  Direction=IN   ScheduleOffset=0  Type=Interrupt  wMaxPacketSize=0x08    bInterval=16  -> 196 Bits/ms = 24500 Bytes/s
Pipe[4]                  : EndpointID=3  Direction=OUT  ScheduleOffset=0  Type=Bulk       wMaxPacketSize=0x40    bInterval=0  
Pipe[5]                  : EndpointID=3  Direction=IN   ScheduleOffset=0  Type=Bulk       wMaxPacketSize=0x40    bInterval=0  
Pipe[6]                  : EndpointID=5  Direction=OUT  ScheduleOffset=0  Type=Bulk       wMaxPacketSize=0x40    bInterval=0  
Pipe[7]                  : EndpointID=5  Direction=IN   ScheduleOffset=0  Type=Bulk       wMaxPacketSize=0x40    bInterval=0  

        --------------- Connection Information V2 -------------
Connection Index         : 0x02 (2)
Length                   : 0x10 (16 bytes)
SupportedUsbProtocols    : 0x03
 Usb110                  : 1 (yes, port supports USB 1.1)
 Usb200                  : 1 (yes, port supports USB 2.0)
 Usb300                  : 0 (no, port not supports USB 3.0)
 ReservedMBZ             : 0x00
Flags                    : 0x00
 DevIsOpAtSsOrHigher     : 0 (Device is not operating at SuperSpeed or higher)
 DevIsSsCapOrHigher      : 0 (Device is not SuperSpeed capable or higher)
 DevIsOpAtSsPlusOrHigher : 0 (Device is not operating at SuperSpeedPlus or higher)
 DevIsSsPlusCapOrHigher  : 0 (Device is not SuperSpeedPlus capable or higher)
 ReservedMBZ             : 0x00

    ---------------------- Device Descriptor ----------------------
bLength                  : 0x12 (18 bytes)
bDescriptorType          : 0x01 (Device Descriptor)
bcdUSB                   : 0x210 (USB Version 2.1)
bDeviceClass             : 0xEF (Miscellaneous)
bDeviceSubClass          : 0x02
bDeviceProtocol          : 0x01 (IAD - Interface Association Descriptor)
bMaxPacketSize0          : 0x40 (64 bytes)
idVendor                 : 0x2E8A (Raspberry Pi (Trading) Limited)
idProduct                : 0x000A
bcdDevice                : 0x0401
iManufacturer            : 0x01 (String Descriptor 1)
 Language 0x0409         : "Mai Control"
iProduct                 : 0x02 (String Descriptor 2)
 Language 0x0409         : "Mai Control Device"
iSerialNumber            : 0x03 (String Descriptor 3)
 Language 0x0409         : "01934"
bNumConfigurations       : 0x01 (1 Configuration)

    ------------------ Configuration Descriptor -------------------
bLength                  : 0x09 (9 bytes)
bDescriptorType          : 0x02 (Configuration Descriptor)
wTotalLength             : 0x00A4 (164 bytes)
bNumInterfaces           : 0x05 (5 Interfaces)
bConfigurationValue      : 0x01 (Configuration 1)
iConfiguration           : 0x00 (No String Descriptor)
bmAttributes             : 0xA0
 D7: Reserved, set 1     : 0x01
 D6: Self Powered        : 0x00 (no)
 D5: Remote Wakeup       : 0x01 (yes)
 D4..0: Reserved, set 0  : 0x00
MaxPower                 : 0x32 (100 mA)

        ---------------- Interface Descriptor -----------------
bLength                  : 0x09 (9 bytes)
bDescriptorType          : 0x04 (Interface Descriptor)
bInterfaceNumber         : 0x00 (Interface 0)
bAlternateSetting        : 0x00
bNumEndpoints            : 0x02 (2 Endpoints)
bInterfaceClass          : 0xFF (Vendor Specific)
bInterfaceSubClass       : 0x00
bInterfaceProtocol       : 0x00
iInterface               : 0x04 (String Descriptor 4)
 Language 0x0409         : "mai2 config"

        ----------------- Endpoint Descriptor -----------------
bLength                  : 0x07 (7 bytes)
bDescriptorType          : 0x05 (Endpoint Descriptor)
bEndpointAddress         : 0x01 (Direction=OUT EndpointID=1)
bmAttributes             : 0x02 (TransferType=Bulk)
wMaxPacketSize           : 0x0040 (64 bytes)
bInterval                : 0x00 (ignored)

        ----------------- Endpoint Descriptor -----------------
bLength                  : 0x07 (7 bytes)
bDescriptorType          : 0x05 (Endpoint Descriptor)
bEndpointAddress         : 0x81 (Direction=IN EndpointID=1)
bmAttributes             : 0x02 (TransferType=Bulk)
wMaxPacketSize           : 0x0040 (64 bytes)
bInterval                : 0x00 (ignored)

        ------------------- IAD Descriptor --------------------
bLength                  : 0x08 (8 bytes)
bDescriptorType          : 0x0B (Interface Association Descriptor)
bFirstInterface          : 0x01 (Interface 1)
bInterfaceCount          : 0x02 (2 Interfaces)
bFunctionClass           : 0x02 (Communications and CDC Control)
bFunctionSubClass        : 0x02
bFunctionProtocol        : 0x00
iFunction                : 0x00 (No String Descriptor)

        ---------------- Interface Descriptor -----------------
bLength                  : 0x09 (9 bytes)
bDescriptorType          : 0x04 (Interface Descriptor)
bInterfaceNumber         : 0x01 (Interface 1)
bAlternateSetting        : 0x00
bNumEndpoints            : 0x01 (1 Endpoint)
bInterfaceClass          : 0x02 (Communications and CDC Control)
bInterfaceSubClass       : 0x02 (Abstract Control Model)
bInterfaceProtocol       : 0x00 (No class specific protocol required)
iInterface               : 0x05 (String Descriptor 5)
 Language 0x0409         : "mai2 serial"

        -------------- CDC Interface Descriptor ---------------
bFunctionLength          : 0x05 (5 bytes)
bDescriptorType          : 0x24 (Interface)
bDescriptorSubType       : 0x00 (Header Functional Descriptor)
bcdCDC                   : 0x120 (CDC Version 1.20)

        -------------- CDC Interface Descriptor ---------------
bFunctionLength          : 0x05 (5 bytes)
bDescriptorType          : 0x24 (Interface)
bDescriptorSubType       : 0x01 (Call Management Functional Descriptor)
bmCapabilities           : 0x00
 D7..2                   : 0x00 (Reserved)
 D1                      : 0x00 (sends/receives call management information only over the Communication Class interface)
 D0                      : 0x00 (does not handle call management itself)
bDataInterface           : 0x02

        -------------- CDC Interface Descriptor ---------------
bFunctionLength          : 0x04 (4 bytes)
bDescriptorType          : 0x24 (Interface)
bDescriptorSubType       : 0x02 (Abstract Control Management Functional Descriptor)
bmCapabilities           : 0x06
 D7..4                   : 0x00 (Reserved)
 D3                      : 0x00 (not supports the notification Network_Connection)
 D2                      : 0x01 (supports the request Send_Break)
 D1                      : 0x01 (supports the request combination of Set_Line_Coding, Set_Control_Line_State, Get_Line_Coding, and the notification Serial_State)
 D0                      : 0x00 (not supports the request combination of Set_Comm_Feature, Clear_Comm_Feature, and Get_Comm_Feature)

        -------------- CDC Interface Descriptor ---------------
bFunctionLength          : 0x05 (5 bytes)
bDescriptorType          : 0x24 (Interface)
bDescriptorSubType       : 0x06 (Union Functional Descriptor)
bControlInterface        : 0x01
bSubordinateInterface[0] : 0x02

        ----------------- Endpoint Descriptor -----------------
bLength                  : 0x07 (7 bytes)
bDescriptorType          : 0x05 (Endpoint Descriptor)
bEndpointAddress         : 0x82 (Direction=IN EndpointID=2)
bmAttributes             : 0x03 (TransferType=Interrupt)
wMaxPacketSize           : 0x0008 (8 bytes)
bInterval                : 0x10 (16 ms)

        ---------------- Interface Descriptor -----------------
bLength                  : 0x09 (9 bytes)
bDescriptorType          : 0x04 (Interface Descriptor)
bInterfaceNumber         : 0x02 (Interface 2)
bAlternateSetting        : 0x00
bNumEndpoints            : 0x02 (2 Endpoints)
bInterfaceClass          : 0x0A (CDC-Data)
bInterfaceSubClass       : 0x00
bInterfaceProtocol       : 0x00
iInterface               : 0x00 (No String Descriptor)

        ----------------- Endpoint Descriptor -----------------
bLength                  : 0x07 (7 bytes)
bDescriptorType          : 0x05 (Endpoint Descriptor)
bEndpointAddress         : 0x03 (Direction=OUT EndpointID=3)
bmAttributes             : 0x02 (TransferType=Bulk)
wMaxPacketSize           : 0x0040 (64 bytes)
bInterval                : 0x00 (ignored)

        ----------------- Endpoint Descriptor -----------------
bLength                  : 0x07 (7 bytes)
bDescriptorType          : 0x05 (Endpoint Descriptor)
bEndpointAddress         : 0x83 (Direction=IN EndpointID=3)
bmAttributes             : 0x02 (TransferType=Bulk)
wMaxPacketSize           : 0x0040 (64 bytes)
bInterval                : 0x00 (ignored)

        ------------------- IAD Descriptor --------------------
bLength                  : 0x08 (8 bytes)
bDescriptorType          : 0x0B (Interface Association Descriptor)
bFirstInterface          : 0x03 (Interface 3)
bInterfaceCount          : 0x02 (2 Interfaces)
bFunctionClass           : 0x02 (Communications and CDC Control)
bFunctionSubClass        : 0x02
bFunctionProtocol        : 0x00
iFunction                : 0x00 (No String Descriptor)

        ---------------- Interface Descriptor -----------------
bLength                  : 0x09 (9 bytes)
bDescriptorType          : 0x04 (Interface Descriptor)
bInterfaceNumber         : 0x03 (Interface 3)
bAlternateSetting        : 0x00
bNumEndpoints            : 0x01 (1 Endpoint)
bInterfaceClass          : 0x02 (Communications and CDC Control)
bInterfaceSubClass       : 0x02 (Abstract Control Model)
bInterfaceProtocol       : 0x00 (No class specific protocol required)
iInterface               : 0x06 (String Descriptor 6)
 Language 0x0409         : "mai2 light"

        -------------- CDC Interface Descriptor ---------------
bFunctionLength          : 0x05 (5 bytes)
bDescriptorType          : 0x24 (Interface)
bDescriptorSubType       : 0x00 (Header Functional Descriptor)
bcdCDC                   : 0x120 (CDC Version 1.20)

        -------------- CDC Interface Descriptor ---------------
bFunctionLength          : 0x05 (5 bytes)
bDescriptorType          : 0x24 (Interface)
bDescriptorSubType       : 0x01 (Call Management Functional Descriptor)
bmCapabilities           : 0x00
 D7..2                   : 0x00 (Reserved)
 D1                      : 0x00 (sends/receives call management information only over the Communication Class interface)
 D0                      : 0x00 (does not handle call management itself)
bDataInterface           : 0x04

        -------------- CDC Interface Descriptor ---------------
bFunctionLength          : 0x04 (4 bytes)
bDescriptorType          : 0x24 (Interface)
bDescriptorSubType       : 0x02 (Abstract Control Management Functional Descriptor)
bmCapabilities           : 0x06
 D7..4                   : 0x00 (Reserved)
 D3                      : 0x00 (not supports the notification Network_Connection)
 D2                      : 0x01 (supports the request Send_Break)
 D1                      : 0x01 (supports the request combination of Set_Line_Coding, Set_Control_Line_State, Get_Line_Coding, and the notification Serial_State)
 D0                      : 0x00 (not supports the request combination of Set_Comm_Feature, Clear_Comm_Feature, and Get_Comm_Feature)

        -------------- CDC Interface Descriptor ---------------
bFunctionLength          : 0x05 (5 bytes)
bDescriptorType          : 0x24 (Interface)
bDescriptorSubType       : 0x06 (Union Functional Descriptor)
bControlInterface        : 0x03
bSubordinateInterface[0] : 0x04

        ----------------- Endpoint Descriptor -----------------
bLength                  : 0x07 (7 bytes)
bDescriptorType          : 0x05 (Endpoint Descriptor)
bEndpointAddress         : 0x84 (Direction=IN EndpointID=4)
bmAttributes             : 0x03 (TransferType=Interrupt)
wMaxPacketSize           : 0x0008 (8 bytes)
bInterval                : 0x10 (16 ms)

        ---------------- Interface Descriptor -----------------
bLength                  : 0x09 (9 bytes)
bDescriptorType          : 0x04 (Interface Descriptor)
bInterfaceNumber         : 0x04 (Interface 4)
bAlternateSetting        : 0x00
bNumEndpoints            : 0x02 (2 Endpoints)
bInterfaceClass          : 0x0A (CDC-Data)
bInterfaceSubClass       : 0x00
bInterfaceProtocol       : 0x00
iInterface               : 0x00 (No String Descriptor)

        ----------------- Endpoint Descriptor -----------------
bLength                  : 0x07 (7 bytes)
bDescriptorType          : 0x05 (Endpoint Descriptor)
bEndpointAddress         : 0x05 (Direction=OUT EndpointID=5)
bmAttributes             : 0x02 (TransferType=Bulk)
wMaxPacketSize           : 0x0040 (64 bytes)
bInterval                : 0x00 (ignored)

        ----------------- Endpoint Descriptor -----------------
bLength                  : 0x07 (7 bytes)
bDescriptorType          : 0x05 (Endpoint Descriptor)
bEndpointAddress         : 0x85 (Direction=IN EndpointID=5)
bmAttributes             : 0x02 (TransferType=Bulk)
wMaxPacketSize           : 0x0040 (64 bytes)
bInterval                : 0x00 (ignored)

    ----------------- Device Qualifier Descriptor -----------------
Error                    : request skipped because low-speed device

      ---------- Binary Object Store (BOS) Descriptor -----------
bLength                  : 0x05 (5 bytes)
bDescriptorType          : 0x0F (Binary Object Store)
wTotalLength             : 0x0021 (33 bytes)
bNumDeviceCaps           : 0x01

        ----------- Platform Capabilities Descriptor -----------
bLength                  : 0x1C (28 bytes)
bDescriptorType          : 0x10 (Device Capability Descriptor)
bDevCapabilityType       : 0x05 (Platform Capabilities)
bReserved                : 0x00
PlatformCapabilityUUID   : D8DD60DF-4589-4CC7-9CD2-659D9E648A9F (GUID_USB_MSOS20_PLATFORM_CAPABILITY_ID)
dwWindowsVersion         : 0x06030000 (Windows V6.3 and higher)
wMSOSDescSetTotalLength  : 0x00B2 (178 Bytes)
bMS_VendorCode           : 0x01 (1)
bAltEnumCode             : 0x00 (0)

      -------------------- String Descriptors -------------------
             ------ String Descriptor 0 ------
bLength                  : 0x04 (4 bytes)
bDescriptorType          : 0x03 (String Descriptor)
Language ID[0]           : 0x0409 (English - United States)
             ------ String Descriptor 1 ------
bLength                  : 0x18 (24 bytes)
bDescriptorType          : 0x03 (String Descriptor)
Language 0x0409          : "Mai Control"
             ------ String Descriptor 2 ------
bLength                  : 0x26 (38 bytes)
bDescriptorType          : 0x03 (String Descriptor)
Language 0x0409          : "Mai Control Device"
             ------ String Descriptor 3 ------
bLength                  : 0x0C (12 bytes)
bDescriptorType          : 0x03 (String Descriptor)
Language 0x0409          : "01934"
             ------ String Descriptor 4 ------
bLength                  : 0x18 (24 bytes)
bDescriptorType          : 0x03 (String Descriptor)
Language 0x0409          : "mai2 config"
             ------ String Descriptor 5 ------
bLength                  : 0x18 (24 bytes)
bDescriptorType          : 0x03 (String Descriptor)
Language 0x0409          : "mai2 serial"
             ------ String Descriptor 6 ------
bLength                  : 0x16 (22 bytes)
bDescriptorType          : 0x03 (String Descriptor)
Language 0x0409          : "mai2 light"
