f:\mai2control\mai2control-v4\control_software\vcam_source_cpp\win32\release\obj\vcam_filter.obj
f:\mai2control\mai2control-v4\control_software\vcam_source_cpp\win32\release\obj\vcam_queue.obj
f:\mai2control\mai2control-v4\control_software\vcam_source_cpp\win32\release\obj\dllmain.obj
f:\mai2control\mai2control-v4\control_software\vcam_source_cpp\win32\release\obj\vcam_common.obj
f:\mai2control\mai2control-v4\control_software\vcam_source_cpp\win32\release\obj\vc143.pdb
f:\mai2control\mai2control-v4\control_software\vcam_source_cpp\win32\release\mai2vcam_dshow.dll
f:\mai2control\mai2control-v4\control_software\vcam_source_cpp\win32\release\mai2vcam_dshow.pdb
f:\mai2control\mai2control-v4\control_software\vcam_source_cpp\win32\release\mai2vcam_dshow.lib
f:\mai2control\mai2control-v4\control_software\vcam_source_cpp\win32\release\mai2vcam_dshow.exp
f:\mai2control\mai2control-v4\control_software\vcam_source_cpp\win32\release\obj\mai2vcam_dshow.ipdb
f:\mai2control\mai2control-v4\control_software\vcam_source_cpp\win32\release\obj\mai2vcam_dshow.iobj
f:\mai2control\mai2control-v4\control_software\vcam_source_cpp\win32\release\obj\mai2vcam_dshow.vcxproj.filelistabsolute.txt
f:\mai2control\mai2control-v4\control_software\vcam_source_cpp\win32\release\obj\mai2vcam_dshow.tlog\cl.17360.write.1.tlog
f:\mai2control\mai2control-v4\control_software\vcam_source_cpp\win32\release\obj\mai2vcam_dshow.tlog\cl.command.1.tlog
f:\mai2control\mai2control-v4\control_software\vcam_source_cpp\win32\release\obj\mai2vcam_dshow.tlog\cl.items.tlog
f:\mai2control\mai2control-v4\control_software\vcam_source_cpp\win32\release\obj\mai2vcam_dshow.tlog\cl.read.1.tlog
f:\mai2control\mai2control-v4\control_software\vcam_source_cpp\win32\release\obj\mai2vcam_dshow.tlog\link.command.1.tlog
f:\mai2control\mai2control-v4\control_software\vcam_source_cpp\win32\release\obj\mai2vcam_dshow.tlog\link.read.1.tlog
f:\mai2control\mai2control-v4\control_software\vcam_source_cpp\win32\release\obj\mai2vcam_dshow.tlog\link.secondary.1.tlog
f:\mai2control\mai2control-v4\control_software\vcam_source_cpp\win32\release\obj\mai2vcam_dshow.tlog\link.write.1.tlog
