Processing pico (platform: https://github.com/maxgerhardt/platform-raspberrypi.git; board: pico; framework: arduino)
--------------------------------------------------------------------------------
Verbose mode can be enabled via `-v, --verbose` option
CONFIGURATION: https://docs.platformio.org/page/boards/raspberrypi/pico.html
PLATFORM: Raspberry Pi RP2040 (1.17.0+sha.85097c0) > Raspberry Pi Pico
HARDWARE: RP2040 133MHz, 256KB RAM, 4MB Flash
DEBUG: Current (blackmagic) External (blackmagic, cmsis-dap, jlink, pico-debug, picoprobe, raspberrypi-swd)
PACKAGES: 
 - framework-arduinopico @ 1.40700.0+sha.b886471 
 - tool-picotool-rp2040-earlephilhower @ 5.140200.250530 (14.2.0) 
 - toolchain-rp2040-earlephilhower @ 5.140200.250530 (14.2.0)
Flash size: 4.00MB
Sketch size: 3.00MB
Filesystem size: 1.00MB
PSRAM size: 0.00MB
Maximium Sketch size: 3141632 EEPROM start: 0x103ff000 Filesystem start: 0x102ff000 Filesystem end: 0x103ff000
LDF: Library Dependency Finder -> https://bit.ly/configure-pio-ldf
LDF Modes: Finder ~ chain, Compatibility ~ soft
Found 70 compatible libraries
Scanning dependencies...
Dependency Graph
|-- Wire @ 1.0
|-- Adafruit TinyUSB Library @ 3.7.1
|-- LittleFS @ 0.1.0
Building in release mode
[strip_libpico] stripped 18 TinyUSB members -> F:\mai2control\mai2control-v4\main_firmware\.pio\build\pico\libpico_nousb.a
_rename_webusb_callbacks([".pio\build\pico\firmware.elf"], [".pio\build\pico\FrameworkArduinoBootloader\boot2_w25q080_2_padded_checksum.S.o", ".pio\build\pico\libf32\SPI\SPI.cpp.o", ".pio\build\pico\lib60b\Adafruit_TinyUSB_Arduino\arduino\Adafruit_TinyUSB_API.cpp.o", ".pio\build\pico\lib60b\Adafruit_TinyUSB_Arduino\arduino\Adafruit_USBD_CDC.cpp.o", ".pio\build\pico\lib60b\Adafruit_TinyUSB_Arduino\arduino\Adafruit_USBD_Device.cpp.o", ".pio\build\pico\lib60b\Adafruit_TinyUSB_Arduino\arduino\Adafruit_USBD_Interface.cpp.o", ".pio\build\pico\lib60b\Adafruit_TinyUSB_Arduino\arduino\Adafruit_USBH_Host.cpp.o", ".pio\build\pico\lib60b\Adafruit_TinyUSB_Arduino\arduino\cdc\Adafruit_USBH_CDC.cpp.o", ".pio\build\pico\lib60b\Adafruit_TinyUSB_Arduino\arduino\hid\Adafruit_USBD_HID.cpp.o", ".pio\build\pico\lib60b\Adafruit_TinyUSB_Arduino\arduino\midi\Adafruit_USBD_MIDI.cpp.o", ".pio\build\pico\lib60b\Adafruit_TinyUSB_Arduino\arduino\msc\Adafruit_USBD_MSC.cpp.o", ".pio\build\pico\lib60b\Adafruit_TinyUSB_Arduino\arduino\msc\Adafruit_USBH_MSC.cpp.o", ".pio\build\pico\lib60b\Adafruit_TinyUSB_Arduino\arduino\ports\ch32\Adafruit_TinyUSB_ch32.cpp.o", ".pio\build\pico\lib60b\Adafruit_TinyUSB_Arduino\arduino\ports\esp32\Adafruit_TinyUSB_esp32.cpp.o", ".pio\build\pico\lib60b\Adafruit_TinyUSB_Arduino\arduino\ports\nrf\Adafruit_TinyUSB_nrf.cpp.o", ".pio\build\pico\lib60b\Adafruit_TinyUSB_Arduino\arduino\ports\rp2040\Adafruit_TinyUSB_rp2040.cpp.o", ".pio\build\pico\lib60b\Adafruit_TinyUSB_Arduino\arduino\ports\samd\Adafruit_TinyUSB_samd.cpp.o", ".pio\build\pico\lib60b\Adafruit_TinyUSB_Arduino\arduino\video\Adafruit_USBD_Video.cpp.o", ".pio\build\pico\lib60b\Adafruit_TinyUSB_Arduino\arduino\webusb\Adafruit_USBD_WebUSB.cpp.o", ".pio\build\pico\lib60b\Adafruit_TinyUSB_Arduino\class\audio\audio_device.c.o", ".pio\build\pico\lib60b\Adafruit_TinyUSB_Arduino\class\bth\bth_device.c.o", ".pio\build\pico\lib60b\Adafruit_TinyUSB_Arduino\class\cdc\cdc_device.c.o", ".pio\build\pico\lib60b\Adafruit_TinyUSB_Arduino\class\cdc\cdc_host.c.o", ".pio\build\pico\lib60b\Adafruit_TinyUSB_Arduino\class\dfu\dfu_device.c.o", ".pio\build\pico\lib60b\Adafruit_TinyUSB_Arduino\class\dfu\dfu_rt_device.c.o", ".pio\build\pico\lib60b\Adafruit_TinyUSB_Arduino\class\hid\hid_device.c.o", ".pio\build\pico\lib60b\Adafruit_TinyUSB_Arduino\class\hid\hid_host.c.o", ".pio\build\pico\lib60b\Adafruit_TinyUSB_Arduino\class\midi\midi_device.c.o", ".pio\build\pico\lib60b\Adafruit_TinyUSB_Arduino\class\midi\midi_host.c.o", ".pio\build\pico\lib60b\Adafruit_TinyUSB_Arduino\class\msc\msc_device.c.o", ".pio\build\pico\lib60b\Adafruit_TinyUSB_Arduino\class\msc\msc_host.c.o", ".pio\build\pico\lib60b\Adafruit_TinyUSB_Arduino\class\net\ecm_rndis_device.c.o", ".pio\build\pico\lib60b\Adafruit_TinyUSB_Arduino\class\net\ncm_device.c.o", ".pio\build\pico\lib60b\Adafruit_TinyUSB_Arduino\class\usbtmc\usbtmc_device.c.o", ".pio\build\pico\lib60b\Adafruit_TinyUSB_Arduino\class\vendor\vendor_device.c.o", ".pio\build\pico\lib60b\Adafruit_TinyUSB_Arduino\class\video\video_device.c.o", ".pio\build\pico\lib60b\Adafruit_TinyUSB_Arduino\common\tusb_fifo.c.o", ".pio\build\pico\lib60b\Adafruit_TinyUSB_Arduino\device\usbd.c.o", ".pio\build\pico\lib60b\Adafruit_TinyUSB_Arduino\device\usbd_control.c.o", ".pio\build\pico\lib60b\Adafruit_TinyUSB_Arduino\host\hub.c.o", ".pio\build\pico\lib60b\Adafruit_TinyUSB_Arduino\host\usbh.c.o", ".pio\build\pico\lib60b\Adafruit_TinyUSB_Arduino\portable\analog\max3421\hcd_max3421.c.o", ".pio\build\pico\lib60b\Adafruit_TinyUSB_Arduino\portable\microchip\samd\dcd_samd.c.o", ".pio\build\pico\lib60b\Adafruit_TinyUSB_Arduino\portable\nordic\nrf5x\dcd_nrf5x.c.o", ".pio\build\pico\lib60b\Adafruit_TinyUSB_Arduino\portable\raspberrypi\pio_usb\dcd_pio_usb.c.o", ".pio\build\pico\lib60b\Adafruit_TinyUSB_Arduino\portable\raspberrypi\pio_usb\hcd_pio_usb.c.o", ".pio\build\pico\lib60b\Adafruit_TinyUSB_Arduino\portable\raspberrypi\rp2040\dcd_rp2040.c.o", ".pio\build\pico\lib60b\Adafruit_TinyUSB_Arduino\portable\raspberrypi\rp2040\hcd_rp2040.c.o", ".pio\build\pico\lib60b\Adafruit_TinyUSB_Arduino\portable\raspberrypi\rp2040\rp2040_usb.c.o", ".pio\build\pico\lib60b\Adafruit_TinyUSB_Arduino\portable\st\stm32_fsdev\dcd_stm32_fsdev.c.o", ".pio\build\pico\lib60b\Adafruit_TinyUSB_Arduino\portable\synopsys\dwc2\dcd_dwc2.c.o", ".pio\build\pico\lib60b\Adafruit_TinyUSB_Arduino\portable\synopsys\dwc2\dwc2_common.c.o", ".pio\build\pico\lib60b\Adafruit_TinyUSB_Arduino\portable\synopsys\dwc2\hcd_dwc2.c.o", ".pio\build\pico\lib60b\Adafruit_TinyUSB_Arduino\portable\wch\dcd_ch32_usbfs.c.o", ".pio\build\pico\lib60b\Adafruit_TinyUSB_Arduino\portable\wch\dcd_ch32_usbhs.c.o", ".pio\build\pico\lib60b\Adafruit_TinyUSB_Arduino\tusb.c.o", ".pio\build\pico\libcfc\Wire\Wire.cpp.o", ".pio\build\pico\lib8a0\LittleFS\LittleFS.cpp.o", ".pio\build\pico\lib8a0\LittleFS\lfs.c.o", ".pio\build\pico\lib8a0\LittleFS\lfs_util.c.o", ".pio\build\pico\src\hal\global_irq.c.o", ".pio\build\pico\src\hal\i2c\hal_i2c.cpp.o", ".pio\build\pico\src\hal\pio\hal_pio.cpp.o", ".pio\build\pico\src\hal\spi\hal_spi.cpp.o", ".pio\build\pico\src\hal\uart\hal_uart.cpp.o", ".pio\build\pico\src\hal\usb\hal_usb.cpp.o", ".pio\build\pico\src\hal\usb\hal_usb_cdc_uart.cpp.o", ".pio\build\pico\src\main.cpp.o", ".pio\build\pico\src\protocol\hid\hid.cpp.o", ".pio\build\pico\src\protocol\host_cmd\host_cmd.cpp.o", ".pio\build\pico\src\protocol\mai2light\mai2light.cpp.o", ".pio\build\pico\src\protocol\mai2serial\mai2serial.cpp.o", ".pio\build\pico\src\protocol\neopixel\neopixel.cpp.o", ".pio\build\pico\src\protocol\psoc\psoc.cpp.o", ".pio\build\pico\src\protocol\psoc\psoc_spi.cpp.o", ".pio\build\pico\src\protocol\psoc\psoc_swd.cpp.o", ".pio\build\pico\src\service\app_config\app_config.cpp.o", ".pio\build\pico\src\service\binding_service\binding_service.cpp.o", ".pio\build\pico\src\service\config_manager\config_crc.cpp.o", ".pio\build\pico\src\service\config_manager\config_manager.cpp.o", ".pio\build\pico\src\service\csd_config\csd_config.cpp.o", ".pio\build\pico\src\service\game_io\game_io.cpp.o", ".pio\build\pico\src\service\keyboard\keyboard.cpp.o", ".pio\build\pico\src\service\led_map\led_map.cpp.o", ".pio\build\pico\src\service\led_service\led_service.cpp.o", ".pio\build\pico\src\service\psoc_algo\psoc_algo.cpp.o", ".pio\build\pico\src\service\psoc_updater\psoc_updater.cpp.o", ".pio\build\pico\src\service\self_heal\self_heal.cpp.o", ".pio\build\pico\src\service\sensor_link\sensor_link.cpp.o", ".pio\build\pico\src\service\tx_scheduler\tx_scheduler.cpp.o", ".pio\build\pico\src\service\usb_comm\usb_comm.cpp.o"])
[strip_libpico] Adafruit WebUSB callbacks already renamed; keeping incremental build object
Linking .pio\build\pico\firmware.elf
Building F:\mai2control\mai2control-v4\main_firmware\.pio\build\pico/firmware.lst
Building F:\mai2control\mai2control-v4\main_firmware\.pio\build\pico/firmware.debug.lst
Generating UF2 image
picotool uf2 convert -t elf ".pio\build\pico\firmware.elf" ".pio\build\pico\firmware.uf2"
Retrieving maximum program size .pio\build\pico\firmware.elf
Flash size: 4.00MB
Sketch size: 3.00MB
Filesystem size: 1.00MB
PSRAM size: 0.00MB
Maximium Sketch size: 3141632 EEPROM start: 0x103ff000 Filesystem start: 0x102ff000 Filesystem end: 0x103ff000
Checking size .pio\build\pico\firmware.elf
Advanced Memory Usage is available via "PlatformIO Home > Project Inspect"
RAM:   [=         ]  13.4% (used 35192 bytes from 262144 bytes)
Flash: [==        ]  16.1% (used 505652 bytes from 3141632 bytes)
Building .pio\build\pico\firmware.bin.signed
========================= [SUCCESS] Took 3.85 seconds =========================
