**********************
Windows PowerShell transcript start
Start time: 20260728000733
Username: ITX-HUHUZHU\asdfg
RunAs User: ITX-HUHUZHU\asdfg
Configuration Name: 
Machine: ITX-HUHUZHU (Microsoft Windows NT 10.0.26200.0)
Host Application: C:\WINDOWS\System32\WindowsPowerShell\v1.0\powershell.exe -ExecutionPolicy Bypass -File .\build.ps1
Process ID: 8964
PSVersion: 5.1.26100.8875
PSEdition: Desktop
PSCompatibleVersions: 1.0, 2.0, 3.0, 4.0, 5.0, 5.1.26100.8875
BuildVersion: 10.0.26100.8875
CLRVersion: 4.0.30319.42000
WSManStackVersion: 3.0
PSRemotingProtocolVersion: 2.3
SerializationVersion: 1.1.0.1
**********************
Workflow round: 20260727T160733038Z-8f03e31f
Workflow log: F:\mai2control\mai2control-v4\main_firmware\.workflow-logs\workflow-20260727T160733038Z-8f03e31f.log
Workflow mode: Flash
Safety: UF2 writes require one removable RPI-RP2 volume and INFO_UF2.TXT; no fixed drive letter is used.

=== Build PSoC firmware ===
cwd: F:\mai2control\mai2control-v4\psoc_firmware\CY8C4147AZI-SensorCore
exe: C:\Users\asdfg\ModusToolbox\tools_3.6\modus-shell\bin\make.exe
args: build -j8


=== Embed PSoC HEX (0x00000417) ===
cwd: F:\mai2control\mai2control-v4\main_firmware
exe: C:\Users\asdfg\.platformio\penv\Scripts\python.exe
args: F:\mai2control\mai2control-v4\main_firmware\tools\psoc_hex_to_c.py F:\mai2control\mai2control-v4\psoc_firmware\CY8C4147AZI-SensorCore\build\last_config\mtb-example-psoc4-capsense-smartsense-buttons-slider.hex F:\mai2control\mai2control-v4\main_firmware\src\protocol\psoc\psoc_fw_image.h 0x00000417


=== Build RP2040 firmware ===
cwd: F:\mai2control\mai2control-v4\main_firmware
exe: C:\Users\asdfg\.platformio\penv\Scripts\platformio.exe
args: run -e pico

RP2040 UF2 identity: SHA256=49F71D15C457382E71FF5FBBF0D8583337A3AA37CE24B17FF1A86D1C3C82B409 size=1030144 mtime_utc=2026-07-27T16:07:37.9057968Z

=== Build Rust UI and selftest ===
cwd: F:\mai2control\mai2control-v4\control_software
exe: C:\Users\asdfg\.cargo\bin\cargo.exe
args: build --locked --bins

[20260727T160733038Z-8f03e31f] Requesting RP2040 BOOTSEL through mai2 config WinUSB...

[20260727T160733038Z-8f03e31f] Verified stable UF2 target: G:\ (label RPI-RP2, removable, INFO_UF2.TXT present)
[20260727T160733038Z-8f03e31f] UF2 copied; waiting for RPI-RP2 to disappear before accepting application topology...
Running WinUSB HELLO/DEVICE_INFO snapshot smoke test...

Running MI_01/MI_03 CDC protocol smoke tests...
CDC mapping: serial=COM3 (MI_01), light=COM21 (MI_03)
MAI2SERIAL CDC PASS: STAT started legal 9-byte touch stream 28-00-00-00-00-00-00-00-29
PS>TerminatingError(): "Timed out reading 8 bytes from COM21; received 0."
>> TerminatingError(): "Timed out reading 8 bytes from COM21; received 0."
**********************
Windows PowerShell transcript end
End time: 20260728000809
**********************
