**********************
Windows PowerShell 脚本开始
开始时间: 20260722001224
用户名: ITX-HUHUZHU\asdfg
RunAs 用户: ITX-HUHUZHU\asdfg
配置名称: 
计算机: ITX-HUHUZHU (Microsoft Windows NT 10.0.26200.0)
主机应用程序: C:\WINDOWS\System32\WindowsPowerShell\v1.0\powershell.exe -ExecutionPolicy Bypass -File dev.ps1 build-all
进程 ID: 27572
PSVersion: 5.1.26100.8875
PSEdition: Desktop
PSCompatibleVersions: 1.0, 2.0, 3.0, 4.0, 5.0, 5.1.26100.8875
BuildVersion: 10.0.26100.8875
CLRVersion: 4.0.30319.42000
WSManStackVersion: 3.0
PSRemotingProtocolVersion: 2.3
SerializationVersion: 1.1.0.1
**********************
Workflow round: 20260721T161224809Z-a8dfa1c0
Workflow log: F:\mai2control\mai2control-v4\main_firmware\.workflow-logs\workflow-20260721T161224809Z-a8dfa1c0.log
Workflow mode: Build
Safety: UF2 writes require one removable RPI-RP2 volume and INFO_UF2.TXT; no fixed drive letter is used.

=== Build PSoC firmware ===
cwd: F:\mai2control\mai2control-v4\psoc_firmware\CY8C4147AZI-SensorCore
exe: C:\Users\asdfg\ModusToolbox\tools_3.6\modus-shell\bin\make.exe
args: build -j8
  | .noinit              |  0x20000bb0   |  32         |
  | .bss                 |  0x20000bd0   |  8236       |
  | .heap                |  0x20002bfc   |  4100       |
  | .stack               |  0x20003c00   |  1024       |
   ----------------------------------------------------

  Total Internal Flash (Available)          131072
  Total Internal Flash (Utilized)           32920

=== Embed PSoC HEX (0x0000040D) ===
cwd: F:\mai2control\mai2control-v4\main_firmware
exe: C:\Users\asdfg\.platformio\penv\Scripts\python.exe
args: F:\mai2control\mai2control-v4\main_firmware\tools\psoc_hex_to_c.py F:\mai2control\mai2control-v4\psoc_firmware\CY8C4147AZI-SensorCore\build\last_config\mtb-example-psoc4-capsense-smartsense-buttons-slider.hex F:\mai2control\mai2control-v4\main_firmware\src\protocol\psoc\psoc_fw_image.h 0x0000040D


=== Build RP2040 firmware ===
cwd: F:\mai2control\mai2control-v4\main_firmware
exe: C:\Users\asdfg\.platformio\penv\Scripts\platformio.exe
args: run -e pico

RP2040 UF2 identity: SHA256=A69B87E3296B93C7DD8B64B16FB4B6A32005D899376DC437351882959909455E size=997376 mtime_utc=2026-07-21T16:12:39.4055213Z

=== Build Rust UI and selftest ===
cwd: F:\mai2control\mai2control-v4\control_software
exe: C:\Users\asdfg\.cargo\bin\cargo.exe
args: build --locked --bins

BUILD PASS: PSoC HEX embedded, RP2040 UF2 built, WinUSB selftest compiled.
**********************
Windows PowerShell 脚本结束
结束时间: 20260722001252
**********************
