**********************
Windows PowerShell 脚本开始
开始时间: 20260814000119
用户名: ITX-HUHUZHU\asdfg
RunAs 用户: ITX-HUHUZHU\asdfg
配置名称: 
计算机: ITX-HUHUZHU (Microsoft Windows NT 10.0.26200.0)
主机应用程序: C:\WINDOWS\System32\WindowsPowerShell\v1.0\powershell.exe -NoProfile -ExecutionPolicy Bypass -File f:\mai2control\mai2control-v4\dev.ps1 build-all
进程 ID: 16796
PSVersion: 5.1.26100.9168
PSEdition: Desktop
PSCompatibleVersions: 1.0, 2.0, 3.0, 4.0, 5.0, 5.1.26100.9168
BuildVersion: 10.0.26100.9168
CLRVersion: 4.0.30319.42000
WSManStackVersion: 3.0
PSRemotingProtocolVersion: 2.3
SerializationVersion: 1.1.0.1
**********************
Workflow round: 20260813T160119750Z-19923a49
Workflow log: F:\mai2control\mai2control-v4\main_firmware\.workflow-logs\workflow-20260813T160119750Z-19923a49.log
Workflow mode: Flash
Safety: UF2 writes require one removable RPI-RP2 volume and INFO_UF2.TXT; no fixed drive letter is used.

=== Build PSoC firmware ===
cwd: F:\mai2control\mai2control-v4\psoc_firmware\CY8C4147AZI-SensorCore
exe: C:\Users\asdfg\ModusToolbox\tools_3.6\modus-shell\bin\make.exe
args: build -j8
