**********************
Windows PowerShell 脚本开始
开始时间: 20260725042149
用户名: ITX-HUHUZHU\asdfg
RunAs 用户: ITX-HUHUZHU\asdfg
配置名称: 
计算机: ITX-HUHUZHU (Microsoft Windows NT 10.0.26200.0)
主机应用程序: C:\WINDOWS\System32\WindowsPowerShell\v1.0\powershell.exe -ExecutionPolicy Bypass -File build.ps1
进程 ID: 31348
PSVersion: 5.1.26100.8875
PSEdition: Desktop
PSCompatibleVersions: 1.0, 2.0, 3.0, 4.0, 5.0, 5.1.26100.8875
BuildVersion: 10.0.26100.8875
CLRVersion: 4.0.30319.42000
WSManStackVersion: 3.0
PSRemotingProtocolVersion: 2.3
SerializationVersion: 1.1.0.1
**********************
Workflow round: 20260724T202149225Z-7fc58873
Workflow log: F:\mai2control\mai2control-v4\main_firmware\.workflow-logs\workflow-20260724T202149225Z-7fc58873.log
Workflow mode: Flash
Safety: UF2 writes require one removable RPI-RP2 volume and INFO_UF2.TXT; no fixed drive letter is used.

=== Build PSoC firmware ===
cwd: F:\mai2control\mai2control-v4\psoc_firmware\CY8C4147AZI-SensorCore
exe: C:\Users\asdfg\ModusToolbox\tools_3.6\modus-shell\bin\make.exe
args: build -j8


=== Embed PSoC HEX (0x00000413) ===
cwd: F:\mai2control\mai2control-v4\main_firmware
exe: C:\Users\asdfg\.platformio\penv\Scripts\python.exe
args: F:\mai2control\mai2control-v4\main_firmware\tools\psoc_hex_to_c.py F:\mai2control\mai2control-v4\psoc_firmware\CY8C4147AZI-SensorCore\build\last_config\mtb-example-psoc4-capsense-smartsense-buttons-slider.hex F:\mai2control\mai2control-v4\main_firmware\src\protocol\psoc\psoc_fw_image.h 0x00000413


=== Build RP2040 firmware ===
cwd: F:\mai2control\mai2control-v4\main_firmware
exe: C:\Users\asdfg\.platformio\penv\Scripts\platformio.exe
args: run -e pico

RP2040 UF2 identity: SHA256=89EDF0DEC71666B69DDB0926D96EF15C65513E52863F168CD8BEAD0AD612C44E size=1021440 mtime_utc=2026-07-24T20:22:00.8711912Z

=== Build Rust UI and selftest ===
cwd: F:\mai2control\mai2control-v4\control_software
exe: C:\Users\asdfg\.cargo\bin\cargo.exe
args: build --locked --bins

[20260724T202149225Z-7fc58873] Requesting RP2040 BOOTSEL through mai2 config WinUSB...

[20260724T202149225Z-7fc58873] Verified stable UF2 target: G:\ (label RPI-RP2, removable, INFO_UF2.TXT present)
[20260724T202149225Z-7fc58873] UF2 copied; waiting for RPI-RP2 to disappear before accepting application topology...
Running WinUSB HELLO/DEVICE_INFO snapshot smoke test...

Running MI_01/MI_03 CDC protocol smoke tests...
CDC mapping: serial=COM3 (MI_01), light=COM21 (MI_03)
MAI2SERIAL CDC PASS: STAT started legal 9-byte touch stream 28-1F-1F-1F-1F-1F-1F-0F-29
PS>TerminatingError():“Timed out reading 8 bytes from COM21; received 0.”
>> TerminatingError():“Timed out reading 8 bytes from COM21; received 0.”
**********************
Windows PowerShell 脚本结束
结束时间: 20260725042243
**********************
