**********************
Windows PowerShell 脚本开始
开始时间: 20260718040710
用户名: ITX-HUHUZHU\asdfg
RunAs 用户: ITX-HUHUZHU\asdfg
配置名称: 
计算机: ITX-HUHUZHU (Microsoft Windows NT 10.0.26200.0)
主机应用程序: C:\WINDOWS\System32\WindowsPowerShell\v1.0\powershell.exe -noexit -command try { . "d:\Kiro\resources\app\out\vs\workbench\contrib\terminal\common\scripts\shellIntegration.ps1" } catch {}
进程 ID: 30524
PSVersion: 5.1.26100.8875
PSEdition: Desktop
PSCompatibleVersions: 1.0, 2.0, 3.0, 4.0, 5.0, 5.1.26100.8875
BuildVersion: 10.0.26100.8875
CLRVersion: 4.0.30319.42000
WSManStackVersion: 3.0
PSRemotingProtocolVersion: 2.3
SerializationVersion: 1.1.0.1
**********************
Workflow round: 20260717T200710436Z-821ec84b
Workflow log: F:\mai2control\mai2control-v4\main_firmware\.workflow-logs\workflow-20260717T200710436Z-821ec84b.log
Workflow mode: Flash
Safety: UF2 writes require one removable RPI-RP2 volume and INFO_UF2.TXT; no fixed drive letter is used.

=== Build PSoC firmware ===
cwd: F:\mai2control\mai2control-v4\psoc_firmware\CY8C4147AZI-SensorCore
exe: C:\Users\asdfg\ModusToolbox\tools_3.6\modus-shell\bin\make.exe
args: build -j8


=== Embed PSoC HEX (0x00000401) ===
cwd: F:\mai2control\mai2control-v4\main_firmware
exe: C:\Users\asdfg\.platformio\penv\Scripts\python.exe
args: F:\mai2control\mai2control-v4\main_firmware\tools\psoc_hex_to_c.py F:\mai2control\mai2control-v4\psoc_firmware\CY8C4147AZI-SensorCore\build\last_config\mtb-example-psoc4-capsense-smartsense-buttons-slider.hex F:\mai2control\mai2control-v4\main_firmware\src\protocol\psoc\psoc_fw_image.h 0x00000401


=== Build RP2040 firmware ===
cwd: F:\mai2control\mai2control-v4\main_firmware
exe: C:\Users\asdfg\.platformio\penv\Scripts\platformio.exe
args: run -e pico

RP2040 UF2 identity: SHA256=4C5603BDAAF3E994FD14ECE88F8D474951FA95C480AAEF08A6EABD0A5519B020 size=961536 mtime_utc=2026-07-17T20:07:15.1757095Z

=== Build WinUSB selftest ===
cwd: F:\mai2control\mai2control-v4\control_software
exe: C:\Users\asdfg\.cargo\bin\cargo.exe
args: build --locked --bin selftest

[20260717T200710436Z-821ec84b] Verified stable UF2 target: G:\ (label RPI-RP2, removable, INFO_UF2.TXT present)
[20260717T200710436Z-821ec84b] UF2 copied; waiting for RPI-RP2 to disappear before accepting application topology...
Running WinUSB HELLO/DEVICE_INFO snapshot smoke test...

**********************
Windows PowerShell 脚本结束
结束时间: 20260718040728
**********************
