**********************
Windows PowerShell 脚本开始
开始时间: 20260813190726
用户名: ITX-HUHUZHU\asdfg
RunAs 用户: ITX-HUHUZHU\asdfg
配置名称: 
计算机: ITX-HUHUZHU (Microsoft Windows NT 10.0.26200.0)
主机应用程序: C:\WINDOWS\System32\WindowsPowerShell\v1.0\powershell.exe -ExecutionPolicy Bypass -NoProfile -File .\build.ps1
进程 ID: 34944
PSVersion: 5.1.26100.9168
PSEdition: Desktop
PSCompatibleVersions: 1.0, 2.0, 3.0, 4.0, 5.0, 5.1.26100.9168
BuildVersion: 10.0.26100.9168
CLRVersion: 4.0.30319.42000
WSManStackVersion: 3.0
PSRemotingProtocolVersion: 2.3
SerializationVersion: 1.1.0.1
**********************
Workflow round: 20260813T110726493Z-5b773df5
Workflow log: F:\mai2control\mai2control-v4\main_firmware\.workflow-logs\workflow-20260813T110726493Z-5b773df5.log
Workflow mode: Flash
Safety: UF2 writes require one removable RPI-RP2 volume and INFO_UF2.TXT; no fixed drive letter is used.

=== Build PSoC firmware ===
cwd: F:\mai2control\mai2control-v4\psoc_firmware\CY8C4147AZI-SensorCore
exe: C:\Users\asdfg\ModusToolbox\tools_3.6\modus-shell\bin\make.exe
args: build -j8

PSoC build stamp: 2608131907 (2026-08-13 19:07) -> 0x9B74EF43

=== Embed PSoC HEX (0x9B74EF43) ===
cwd: F:\mai2control\mai2control-v4\main_firmware
exe: C:\Users\asdfg\.platformio\penv\Scripts\python.exe
args: F:\mai2control\mai2control-v4\main_firmware\tools\psoc_hex_to_c.py F:\mai2control\mai2control-v4\psoc_firmware\CY8C4147AZI-SensorCore\build\last_config\mtb-example-psoc4-capsense-smartsense-buttons-slider.hex F:\mai2control\mai2control-v4\main_firmware\src\protocol\psoc\psoc_fw_image.h 0x9B74EF43


=== Build RP2040 firmware ===
cwd: F:\mai2control\mai2control-v4\main_firmware
exe: C:\Users\asdfg\.platformio\penv\Scripts\platformio.exe
args: run -e pico

RP2040 UF2 identity: SHA256=21DE75604D00F4E1BD3A304BBAEB274D07CA6DE8B939A360E84630A16211892E size=555008 mtime_utc=2026-08-13T11:07:31.8785701Z

=== Build Rust UI and selftest ===
cwd: F:\mai2control\mai2control-v4\control_software
exe: C:\Users\asdfg\.cargo\bin\cargo.exe
args: build --locked --bins

[20260813T110726493Z-5b773df5] Requesting RP2040 BOOTSEL through mai2 config WinUSB...

[20260813T110726493Z-5b773df5] Verified stable UF2 target: G:\ (label RPI-RP2, removable, INFO_UF2.TXT present)
[20260813T110726493Z-5b773df5] UF2 copied; waiting for RPI-RP2 to disappear before accepting application topology...
Running WinUSB HELLO/DEVICE_INFO snapshot smoke test...

Running MI_01/MI_03 CDC protocol smoke tests...
CDC mapping: serial=COM3 (MI_01), light=COM21 (MI_03)
MAI2SERIAL CDC PASS: STAT started legal 9-byte touch stream 28-00-00-00-00-00-00-00-29
MAI2LIGHT CDC PASS: LIGHT reply E0-00-00-06-01-F3-01-01-01-01-FE
FLASH PASS: UF2 programmed, REV_0401 topology, PSoC snapshot, WinUSB, Mai2Serial and Mai2Light smoke tests passed.
**********************
Windows PowerShell 脚本结束
结束时间: 20260813190800
**********************
