**********************
Windows PowerShell transcript start
Start time: 20260813205614
Username: ITX-HUHUZHU\asdfg
RunAs User: ITX-HUHUZHU\asdfg
Configuration Name: 
Machine: ITX-HUHUZHU (Microsoft Windows NT 10.0.26200.0)
Host Application: C:\WINDOWS\System32\WindowsPowerShell\v1.0\powershell.exe -ExecutionPolicy Bypass -File f:\mai2control\mai2control-v4\main_firmware\build.ps1
Process ID: 32392
PSVersion: 5.1.26100.9168
PSEdition: Desktop
PSCompatibleVersions: 1.0, 2.0, 3.0, 4.0, 5.0, 5.1.26100.9168
BuildVersion: 10.0.26100.9168
CLRVersion: 4.0.30319.42000
WSManStackVersion: 3.0
PSRemotingProtocolVersion: 2.3
SerializationVersion: 1.1.0.1
**********************
Workflow round: 20260813T125614565Z-94e244d6
Workflow log: F:\mai2control\mai2control-v4\main_firmware\.workflow-logs\workflow-20260813T125614565Z-94e244d6.log
Workflow mode: Flash
Safety: UF2 writes require one removable RPI-RP2 volume and INFO_UF2.TXT; no fixed drive letter is used.

=== Build PSoC firmware ===
cwd: F:\mai2control\mai2control-v4\psoc_firmware\CY8C4147AZI-SensorCore
exe: C:\Users\asdfg\ModusToolbox\tools_3.6\modus-shell\bin\make.exe
args: build -j8

PSoC build stamp: 2608132056 (2026-08-13 20:56) -> 0x9B74EFD8

=== Embed PSoC HEX (0x9B74EFD8) ===
cwd: F:\mai2control\mai2control-v4\main_firmware
exe: C:\Users\asdfg\.platformio\penv\Scripts\python.exe
args: F:\mai2control\mai2control-v4\main_firmware\tools\psoc_hex_to_c.py F:\mai2control\mai2control-v4\psoc_firmware\CY8C4147AZI-SensorCore\build\last_config\mtb-example-psoc4-capsense-smartsense-buttons-slider.hex F:\mai2control\mai2control-v4\main_firmware\src\protocol\psoc\psoc_fw_image.h 0x9B74EFD8


=== Build RP2040 firmware ===
cwd: F:\mai2control\mai2control-v4\main_firmware
exe: C:\Users\asdfg\.platformio\penv\Scripts\platformio.exe
args: run -e pico

RP2040 UF2 identity: SHA256=7632FCADA14715844B047BDD17964A36AF2631FDF2C3F25BB44EB4B3D26495E5 size=556032 mtime_utc=2026-08-13T12:56:19.9282363Z

=== Build Rust UI and selftest ===
cwd: F:\mai2control\mai2control-v4\control_software
exe: C:\Users\asdfg\.cargo\bin\cargo.exe
args: build --locked --bins

[20260813T125614565Z-94e244d6] Requesting RP2040 BOOTSEL through mai2 config WinUSB...

[20260813T125614565Z-94e244d6] Verified stable UF2 target: G:\ (label RPI-RP2, removable, INFO_UF2.TXT present)
[20260813T125614565Z-94e244d6] UF2 copied; waiting for RPI-RP2 to disappear before accepting application topology...
Running WinUSB HELLO/DEVICE_INFO snapshot smoke test...

Running MI_01/MI_03 CDC protocol smoke tests...
CDC mapping: serial=COM3 (MI_01), light=COM21 (MI_03)
MAI2SERIAL CDC PASS: STAT started legal 9-byte touch stream 28-00-00-00-00-00-00-00-29
MAI2LIGHT CDC PASS: LIGHT reply E0-00-00-06-01-F3-01-01-01-01-FE
FLASH PASS: UF2 programmed, REV_0401 topology, PSoC snapshot, WinUSB, Mai2Serial and Mai2Light smoke tests passed.
**********************
Windows PowerShell transcript end
End time: 20260813205806
**********************
