**********************
Windows PowerShell 脚本开始
开始时间: 20260726022015
用户名: ITX-HUHUZHU\asdfg
RunAs 用户: ITX-HUHUZHU\asdfg
配置名称: 
计算机: ITX-HUHUZHU (Microsoft Windows NT 10.0.26200.0)
主机应用程序: C:\WINDOWS\System32\WindowsPowerShell\v1.0\powershell.exe -ExecutionPolicy Bypass -File .\build.ps1
进程 ID: 10036
PSVersion: 5.1.26100.8875
PSEdition: Desktop
PSCompatibleVersions: 1.0, 2.0, 3.0, 4.0, 5.0, 5.1.26100.8875
BuildVersion: 10.0.26100.8875
CLRVersion: 4.0.30319.42000
WSManStackVersion: 3.0
PSRemotingProtocolVersion: 2.3
SerializationVersion: 1.1.0.1
**********************
Workflow round: 20260725T182015759Z-b91ef910
Workflow log: F:\mai2control\mai2control-v4\main_firmware\.workflow-logs\workflow-20260725T182015759Z-b91ef910.log
Workflow mode: Flash
Safety: UF2 writes require one removable RPI-RP2 volume and INFO_UF2.TXT; no fixed drive letter is used.

=== Build PSoC firmware ===
cwd: F:\mai2control\mai2control-v4\psoc_firmware\CY8C4147AZI-SensorCore
exe: C:\Users\asdfg\ModusToolbox\tools_3.6\modus-shell\bin\make.exe
args: build -j8


=== Embed PSoC HEX (0x00000413) ===
cwd: F:\mai2control\mai2control-v4\main_firmware
exe: C:\Users\asdfg\.platformio\penv\Scripts\python.exe
args: F:\mai2control\mai2control-v4\main_firmware\tools\psoc_hex_to_c.py F:\mai2control\mai2control-v4\psoc_firmware\CY8C4147AZI-SensorCore\build\last_config\mtb-example-psoc4-capsense-smartsense-buttons-slider.hex F:\mai2control\mai2control-v4\main_firmware\src\protocol\psoc\psoc_fw_image.h 0x00000413


=== Build RP2040 firmware ===
cwd: F:\mai2control\mai2control-v4\main_firmware
exe: C:\Users\asdfg\.platformio\penv\Scripts\platformio.exe
args: run -e pico

RP2040 UF2 identity: SHA256=098C9CC06501EBE120034FEF340272FF931A808AA6CFA8DE2FF7E5C57CF67067 size=1022464 mtime_utc=2026-07-25T18:20:20.7784932Z

=== Build Rust UI and selftest ===
cwd: F:\mai2control\mai2control-v4\control_software
exe: C:\Users\asdfg\.cargo\bin\cargo.exe
args: build --locked --bins

[20260725T182015759Z-b91ef910] Requesting RP2040 BOOTSEL through mai2 config WinUSB...

PS>TerminatingError():“Timed out waiting for a stable unique removable RPI-RP2 volume with INFO_UF2.TXT. Hold BOOTSEL while reconnecting, then rerun.”
**********************
Windows PowerShell 脚本结束
结束时间: 20260726022056
**********************
